producer_class	xtools.gsea.Gsea
producer_timestamp	1655363920318
param	zip_report	false
param	num	100
param	scoring_scheme	weighted
param	norm	meandiv
param	out	/home/menkyna/gsea_home/output/jun16
param	mode	Max_probe
param	include_only_symbols	true
param	set_max	500
param	gmx	ftp.broadinstitute.org://pub/gsea/gene_sets/c2.cp.reactome.v7.5.1.symbols.gmt
param	plot_top_x	50
param	nperm	1000
param	order	descending
param	rnd_seed	timestamp
param	rpt_label	my_analysis
param	set_min	10
param	res	/home/menkyna/Documents/programming/GSEA/data/gct/skuska.gct
param	chip	ftp.broadinstitute.org://pub/gsea/annotations_versioned/Human_UniProt_IDs_MSigDB.v7.5.1.chip
param	create_svgs	false
param	cls	/home/menkyna/Documents/programming/GSEA/data/phenotypes/skuska.cls#P_versus_K
param	sort	real
param	create_gcts	false
param	help	false
param	save_rnd_lists	false
param	median	false
param	metric	Signal2Noise
param	make_sets	true
param	rnd_type	no_balance
param	gui	false
param	permute	gene_set
param	collapse	Collapse

file	/home/menkyna/gsea_home/output/jun16/my_analysis.Gsea.1655363920318/index.html
